warning: C:\Users\efe\Projeler\realgameengine\examples\snake\Cargo.toml: file `C:\Users\efe\Projeler\realgameengine\examples\snake\src\lib.rs` found to be present in multiple build targets:
  * `lib` target `snake`
  * `bin` target `native`
    Checking glow v0.16.0
error[E0283]: type annotations needed
    --> C:\Users\efe\.cargo\registry\src\index.crates.io-1949cf8c6b5b557f\glow-0.16.0\src\web_sys.rs:3133:45
     |
3133 |                     ext.draw_buffers_webgl(&Array::of1(&draw_buffer.into()))
     |                                             ^^^^^^^^^^ ------------------- type must be known at this point
     |                                             |
     |                                             cannot infer type of the type parameter `T` declared on the associated function `of1`
     |
     = note: cannot satisfy `_: ErasableGenericBorrow<JsValue>`
note: required by a bound in `Array::of1`
    --> C:\Users\efe\.cargo\registry\src\index.crates.io-1949cf8c6b5b557f\js-sys-0.3.86\src\lib.rs:440:1
     |
 440 | #[wasm_bindgen]
     | ^^^^^^^^^^^^^^^ required by this bound in `Array::of1`
...
 926 |     pub fn of1<T>(a: &T) -> Array<T>;
     |            --- required by a bound in this associated function
     = note: this error originates in the attribute macro `wasm_bindgen` (in Nightly builds, run with -Z macro-backtrace for more info)
help: consider specifying the generic argument
     |
3133 |                     ext.draw_buffers_webgl(&Array::of1::<T>(&draw_buffer.into()))
     |                                                       +++++

For more information about this error, try `rustc --explain E0283`.
error: could not compile `glow` (lib) due to 1 previous error
