warning: C:\Users\efe\Projeler\realgameengine\examples\snake\Cargo.toml: file `C:\Users\efe\Projeler\realgameengine\examples\snake\src\lib.rs` found to be present in multiple build targets:
  * `lib` target `snake`
  * `bin` target `native`
   Compiling proc-macro2 v1.0.106
   Compiling unicode-ident v1.0.24
   Compiling quote v1.0.44
   Compiling wasm-bindgen-shared v0.2.109
    Checking cfg-if v1.0.4
   Compiling rustversion v1.0.22
    Checking once_cell v1.21.3
   Compiling bumpalo v3.20.2
   Compiling zerocopy v0.8.39
   Compiling version_check v0.9.5
   Compiling windows-link v0.2.1
   Compiling serde_core v1.0.228
   Compiling thiserror v2.0.18
   Compiling parking_lot_core v0.9.12
    Checking futures-task v0.3.32
    Checking pin-project-lite v0.2.16
   Compiling cfg_aliases v0.2.1
    Checking futures-core v0.3.32
    Checking slab v0.4.12
    Checking log v0.4.29
   Compiling zmij v1.0.21
    Checking smallvec v1.15.1
   Compiling serde v1.0.228
    Checking scopeguard v1.2.0
    Checking bitflags v2.11.0
    Checking foldhash v0.2.0
   Compiling serde_json v1.0.149
   Compiling litrs v1.0.0
    Checking raw-window-handle v0.6.2
    Checking itoa v1.0.17
    Checking static_assertions v1.1.0
   Compiling windows-sys v0.61.2
    Checking spin v0.9.8
    Checking profiling v1.0.17
    Checking memchr v2.8.0
    Checking arrayvec v0.7.6
   Compiling wgpu v27.0.1
    Checking pollster v0.4.0
    Checking hashbrown v0.16.1
    Checking lock_api v0.4.14
    Checking futures-util v0.3.32
   Compiling ahash v0.8.12
   Compiling document-features v0.2.12
   Compiling winapi-util v0.1.11
   Compiling termcolor v1.4.1
    Checking parking_lot v0.12.5
   Compiling syn v2.0.117
   Compiling wasm-bindgen v0.2.109
    Checking ppv-lite86 v0.2.21
    Checking hashbrown v0.14.5
   Compiling wasm-bindgen-macro-support v0.2.109
    Checking hecs v0.10.5
   Compiling thiserror-impl v2.0.18
   Compiling bytemuck_derive v1.10.2
   Compiling serde_derive v1.0.228
   Compiling ts-rs-macros v11.1.0
   Compiling proc_marcoes v0.1.0 (C:\Users\efe\Projeler\realgameengine\proc_marcoes)
    Checking bytemuck v1.25.0
   Compiling wasm-bindgen-macro v0.2.109
    Checking ts-rs v11.1.0
error[E0080]: scalar size mismatch: expected 82226 bytes but got 4 bytes instead
    --> C:\Users\efe\.cargo\registry\src\index.crates.io-1949cf8c6b5b557f\wasm-bindgen-0.2.109\src\lib.rs:1213:1
     |
1213 | #[wasm_bindgen_macro::wasm_bindgen(wasm_bindgen = crate, raw_module = "__wbindgen_placeholder__")]
     | ^^^^^^^^^^^^^^^^^^^^^^^^^^^^^^^^^^^^^^^^^^^^^^^^^^^^^^^^^^^^^^^^^^^^^^^^^^^^^^^^^^^^^^^^^^^^^^^^^^ evaluation of `_::_GENERATED` failed inside this call
     |
note: inside `flat_byte_slices::<5208, 2>`
    --> C:\Users\efe\.cargo\registry\src\index.crates.io-1949cf8c6b5b557f\wasm-bindgen-0.2.109\src\rt\mod.rs:769:15
     |
 769 |         while i < slice.len() {
     |               ^^^^^^^^^^^^^^^ the failure occurred here
     = note: this error originates in the attribute macro `wasm_bindgen_macro::wasm_bindgen` (in Nightly builds, run with -Z macro-backtrace for more info)

For more information about this error, try `rustc --explain E0080`.
error: could not compile `wasm-bindgen` (lib) due to 1 previous error
